=== ZH ===
─────────────────────────────────────────
  
─────────────────────────────────────────
源文件/计算器.zy
52
38
8
3
5
2  →  临时, _内部辅助
75%
─────────────────────────────────────────
✓  docs/计算器_ZH.md  已写入
=== ES ===
─────────────────────────────────────────
  
─────────────────────────────────────────
源文件/计算器.zy
52
38
8
3
5
2  →  临时, _内部辅助
75%
─────────────────────────────────────────
✓  docs/计算器_ES.md  escrito
=== EN ===
─────────────────────────────────────────
  
─────────────────────────────────────────
源文件/计算器.zy
52
38
8
3
5
2  →  临时, _内部辅助
75%
─────────────────────────────────────────
✓  docs/计算器_EN.md  written
