=== ZH ===
─────────────────────────────────────────
  字审 ZyAudit · 审计报告
─────────────────────────────────────────
  文件          : 源文件/计算器.zy
  行数          : 52
  代码行        : 38
  函数          : 8
  嵌套          : 3 层（最大）
  圈复杂度      : 5
  未使用        : 2  →  临时, _内部辅助
  覆盖率        : 75%
─────────────────────────────────────────
✓  docs/计算器_ZH.md  已写入
=== ES ===
─────────────────────────────────────────
  字审 ZyAudit · Informe de Auditoría
─────────────────────────────────────────
  Archivo       : 源文件/计算器.zy
  Líneas        : 52
  Cód. líneas   : 38
  Funciones     : 8
  Anidamiento   : 3 niveles (máx.)
  Complejidad   : 5
  Sin usar      : 2  →  临时, _内部辅助
  Cobertura     : 75%
─────────────────────────────────────────
✓  docs/计算器_ES.md  escrito
=== EN ===
─────────────────────────────────────────
  ZyAudit · Audit Report
─────────────────────────────────────────
  File          : 源文件/计算器.zy
  Lines         : 52
  Code lines    : 38
  Functions     : 8
  Nesting       : 3 levels (max)
  Complexity    : 5
  Unused        : 2  →  临时, _内部辅助
  Coverage      : 75%
─────────────────────────────────────────
✓  docs/计算器_EN.md  written
